Microchip MPLAB XC8 Compiler V2.41

Linker command line:

-W-3 --edf=/opt/microchip/xc8/v2.41/pic/dat/20230208172133_en.msgs -cn \
  -h+dist/default/production/pic18f4550_ACTR_3.X.production.sym \
  --cmf=dist/default/production/pic18f4550_ACTR_3.X.production.cmf -z \
  -Q18F4550 -o/tmp/xcXgKLdJk/driver_tmp_3.o --defsym=__MPLAB_BUILD=1 \
  --fixupoverflow=error \
  -Mdist/default/production/pic18f4550_ACTR_3.X.production.map \
  --md=/tmp/xcXgKLdJk/driver_tmp_0.dat -E1 -ver=XC8 Compiler --acfsm=1493 \
  -ACODE=00h-07FFFh -ACONST=00h-07FFFh -ASMALLCONST=0800h-08FFhx120 \
  -AMEDIUMCONST=0800h-07FFFh -ACOMRAM=01h-05Fh -AABS1=00h-07FFh \
  -ABIGRAM=01h-07FFh -ARAM=060h-0FFh,0100h-01FFhx7 -ABANK0=060h-0FFh \
  -ABANK1=0100h-01FFh -ABANK2=0200h-02FFh -ABANK3=0300h-03FFh \
  -ABANK4=0400h-04FFh -ABANK5=0500h-05FFh -ABANK6=0600h-06FFh \
  -ABANK7=0700h-07FFh -ASFR=0F60h-0FFFh -ABIGSFR=0F60h-0FFFh \
  -ACONFIG=0300000h-030000Dh -AIDLOC=0200000h-0200007h \
  -AEEDATA=0F00000h-0F000FFh -peeprom_data=EEDATA \
  -preset_vec=00h,intcode=08h,intcodelo,powerup,init -pramtop=0800h \
  -psmallconst=SMALLCONST -pmediumconst=MEDIUMCONST -pconst=CONST \
  -AFARRAM=00h-00h \
  -prdata=COMRAM,nvrram=COMRAM,nvbit=COMRAM,rbss=COMRAM,rbit=COMRAM \
  -pfarbss=FARRAM,fardata=FARRAM,nvFARRAM=FARRAM \
  -pintsave_regs=BIGRAM,bigbss=BIGRAM,bigdata=BIGRAM -pbss=RAM \
  -pidata=CODE,irdata=CODE,ibigdata=CODE,ifardata=CODE -prparam=COMRAM \
  /tmp/xcXgKLdJk/driver_tmp_9.o \
  dist/default/production/pic18f4550_ACTR_3.X.production.o 

Object code version is 3.11

Machine type is 18F4550



                Name                               Link     Load   Length Selector   Space Scale
/tmp/xcXgKLdJk/driver_tmp_9.o
                idloc                            200000   200000        8        0       5
                config                           300000   300000        E        0       4
                init                                  E        E        4        4       0
                reset_vec                             0        0        4        0       0
dist/default/production/pic18f4550_ACTR_3.X.production.o
                intcode                               8        8        6        4       0
                idloc                            200000   200000        8        0       5
                config                           300000   300000        E        0       4
                temp                                 56       56        1        1       1
                smallconst                          800      800       B2      400       0
                text48                             1E10     1E10      110      459       0
                text47                             213A     213A      10A      459       0
                text46                             2244     2244       F0      459       0
                text45                             1434     1434      144      459       0
                text44                             287A     287A       74      459       0
                text43                             263E     263E       B0      459       0
                text42                             2AFE     2AFE       4C      459       0
                text41                             1A78     1A78      13E      459       0
                text40                             28EE     28EE       62      459       0
                text39                             202E     202E      10C      459       0
                text38                             277E     277E       88      459       0
                text37                              8B2      8B2      35C      459       0
                text36                             12C0     12C0      174      459       0
                text35                             1F20     1F20      10E      459       0
                text34                             114A     114A      176      459       0
                text33                             2334     2334       E6      459       0
                text32                             1CEA     1CEA      126      459       0
                text31                             258A     258A       B4      459       0
                text30                             16BA     16BA      142      459       0
                text29                             26EE     26EE       90      459       0
                text28                             2A60     2A60       50      459       0
                text27                             24D2     24D2       B8      459       0
                text26                             2CAC     2CAC       32      459       0
                text25                             2950     2950       60      459       0
                text24                             2D0E     2D0E       2C      459       0
                text23                             2B8C     2B8C       3E      459       0
                text22                             193A     193A      13E      459       0
                text21                              C0E      C0E      228      459       0
                text20                             2CDE     2CDE       30      459       0
                intcode_body                       29B0     29B0       5A      459       0
                text18                             1578     1578      142      459       0
                text17                              E36      E36      19C      459       0
                text16                             2D7E     2D7E        4      459       0
                text15                             2D7A     2D7A        4      459       0
                text14                             241A     241A       B8      459       0
                text13                             2D76     2D76        4      459       0
                text12                             2C74     2C74       38      459       0
                text11                             2B4A     2B4A       42      459       0
                text10                              FD2      FD2      178      459       0
                text9                              17FC     17FC      13E      459       0
                text8                              2D64     2D64        E      459       0
                text7                              2C3C     2C3C       38      459       0
                text6                              2C04     2C04       38      459       0
                text5                              2D3A     2D3A       2A      459       0
                text4                              2D72     2D72        4      459       0
                text3                              2BCA     2BCA       3A      459       0
                text2                              2AB0     2AB0       4E      459       0
                text1                              2806     2806       74      459       0
                text0                              1BB6     1BB6      134      459       0
                cstackCOMRAM                          1        1       2B        1       1
                cstackBANK0                          A8       A8       18       60       1
                dataBANK0                            C0       C0        2       60       1
                bssBANK0                             60       60       48       60       1
                dataCOMRAM                           54       54        2        1       1
                bssCOMRAM                            2C       2C       28        1       1
                cinit                              2A0A     2A0A       56      459       0
                idataBANK0                         2D84     2D84        2      459       0
                idataCOMRAM                        2D82     2D82        2      459       0

TOTAL           Name                               Link     Load   Length     Space
        CLASS   CODE           
                intcode                               8        8        6         0
                init                                  E        E        4         0
                reset_vec                             0        0        4         0
                text48                             1E10     1E10      110         0
                text47                             213A     213A      10A         0
                text46                             2244     2244       F0         0
                text45                             1434     1434      144         0
                text44                             287A     287A       74         0
                text43                             263E     263E       B0         0
                text42                             2AFE     2AFE       4C         0
                text41                             1A78     1A78      13E         0
                text40                             28EE     28EE       62         0
                text39                             202E     202E      10C         0
                text38                             277E     277E       88         0
                text37                              8B2      8B2      35C         0
                text36                             12C0     12C0      174         0
                text35                             1F20     1F20      10E         0
                text34                             114A     114A      176         0
                text33                             2334     2334       E6         0
                text32                             1CEA     1CEA      126         0
                text31                             258A     258A       B4         0
                text30                             16BA     16BA      142         0
                text29                             26EE     26EE       90         0
                text28                             2A60     2A60       50         0
                text27                             24D2     24D2       B8         0
                text26                             2CAC     2CAC       32         0
                text25                             2950     2950       60         0
                text24                             2D0E     2D0E       2C         0
                text23                             2B8C     2B8C       3E         0
                text22                             193A     193A      13E         0
                text21                              C0E      C0E      228         0
                text20                             2CDE     2CDE       30         0
                intcode_body                       29B0     29B0       5A         0
                text18                             1578     1578      142         0
                text17                              E36      E36      19C         0
                text16                             2D7E     2D7E        4         0
                text15                             2D7A     2D7A        4         0
                text14                             241A     241A       B8         0
                text13                             2D76     2D76        4         0
                text12                             2C74     2C74       38         0
                text11                             2B4A     2B4A       42         0
                text10                              FD2      FD2      178         0
                text9                              17FC     17FC      13E         0
                text8                              2D64     2D64        E         0
                text7                              2C3C     2C3C       38         0
                text6                              2C04     2C04       38         0
                text5                              2D3A     2D3A       2A         0
                text4                              2D72     2D72        4         0
                text3                              2BCA     2BCA       3A         0
                text2                              2AB0     2AB0       4E         0
                text1                              2806     2806       74         0
                text0                              1BB6     1BB6      134         0
                cinit                              2A0A     2A0A       56         0
                idataBANK0                         2D84     2D84        2         0
                idataCOMRAM                        2D82     2D82        2         0

        CLASS   CONST          

        CLASS   SMALLCONST     
                smallconst                          800      800       B2         0

        CLASS   MEDIUMCONST    

        CLASS   COMRAM         
                temp                                 56       56        1         1
                cstackCOMRAM                          1        1       2B         1
                dataCOMRAM                           54       54        2         1
                bssCOMRAM                            2C       2C       28         1

        CLASS   ABS1           
                abs_s1                              400      400       38         1
                abs_s1                              450      450       20         1
                abs_s1                              500      500       80         1

        CLASS   BIGRAM         

        CLASS   RAM            

        CLASS   BANK0          
                cstackBANK0                          A8       A8       18         1
                dataBANK0                            C0       C0        2         1
                bssBANK0                             60       60       48         1

        CLASS   BANK1          

        CLASS   BANK2          

        CLASS   BANK3          

        CLASS   BANK4          

        CLASS   BANK5          

        CLASS   BANK6          

        CLASS   BANK7          

        CLASS   SFR            

        CLASS   BIGSFR         

        CLASS   CONFIG         
                config                           300000   300000        E         4

        CLASS   IDLOC          
                idloc                            200000   200000        8         5

        CLASS   EEDATA         

        CLASS   FARRAM         

        CLASS   HEAP           

        CLASS   STACK          



SEGMENTS        Name                           Load    Length   Top    Selector   Space  Class

                reset_vec                      000000  000004  000004         0       0  CODE    
                cstackCOMRAM                   000001  000056  000057         1       1  COMRAM  
                bssBANK0                       000060  000062  0000C2        60       1  BANK0   
                text37                         0008B2  0024D4  002D86       459       0  CODE    
                intcode                        000008  00000A  000012         4       0  CODE    
                smallconst                     000800  0000B2  0008B2       400       0  SMALLCON


UNUSED ADDRESS RANGES

        Name                Unused          Largest block    Delta
        BANK0            0000C2-0000FF               3E
        BANK1            000100-0001FF              100
        BANK2            000200-0002FF              100
        BANK3            000300-0003FF              100
        BANK4            000438-00044F               18
                         000470-0004FF               90
        BANK5            000580-0005FF               80
        BANK6            000600-0006FF              100
        BANK7            000700-0007FF              100
        BIGRAM           000057-00005F                9
                         0000C2-0003FF              33E
                         000438-00044F               18
                         000470-0004FF               90
                         000580-0007FF              280
        BIGSFR           000F60-000FFF               A0
        CODE             000004-000007                4
                         000012-0007FF              7EE
                         002D86-007FFF             527A
        COMRAM           000057-00005F                9
        CONST            000004-000007                4
                         000012-0007FF              7EE
                         002D86-007FFF             527A
        EEDATA           F00000-F000FF              100
        MEDIUMCONST      002D86-007FFF             527A
        RAM              0000C2-0003FF              100
                         000438-00044F               18
                         000470-0004FF               90
                         000580-0007FF              100
        SFR              000F60-000FFF               A0
        SMALLCONST       002D86-007FFF              100

                                  Symbol Table

?_USBTransferOnePacket                   cstackBANK0  0000A8
?i2_USBTransferOnePacket                 cstackCOMRAM 000001
CDCTxService@byte_to_send                cstackBANK0  0000B4
CDCTxService@i                           cstackBANK0  0000B3
USBConfigureEndpoint@EPNum               cstackCOMRAM 000008
USBConfigureEndpoint@direction           cstackCOMRAM 000001
USBConfigureEndpoint@handle              cstackCOMRAM 000009
USBCtrlTrfInHandler@lastDTS              cstackCOMRAM 000002
USBCtrlTrfRxService@byteToRead           cstackCOMRAM 000002
USBCtrlTrfRxService@i                    cstackCOMRAM 000001
USBCtrlTrfTxService@byteToSend           cstackCOMRAM 000001
USBDeviceInit@i                          cstackBANK0  0000B4
USBDeviceTasks@i                         cstackCOMRAM 000021
USBEnableEndpoint@ep                     cstackCOMRAM 00000E
USBEnableEndpoint@options                cstackCOMRAM 00000B
USBEnableEndpoint@p                      cstackCOMRAM 00000C
USBStdFeatureReqHandler@current_ep_data  cstackCOMRAM 00001B
USBStdFeatureReqHandler@p                cstackCOMRAM 00001C
USBStdFeatureReqHandler@pUEP             cstackCOMRAM 000019
USBStdGetStatusHandler@p                 cstackCOMRAM 000003
USBStdSetCfgHandler@i                    cstackCOMRAM 000017
USBTransferOnePacket@data                cstackBANK0  0000A9
USBTransferOnePacket@dir                 cstackBANK0  0000A8
USBTransferOnePacket@ep                  cstackBANK0  0000B0
USBTransferOnePacket@handle              cstackBANK0  0000B1
USBTransferOnePacket@len                 cstackBANK0  0000AB
USER_USB_CALLBACK_EVENT_HANDLER@event    cstackCOMRAM 00000F
USER_USB_CALLBACK_EVENT_HANDLER@pdata    cstackCOMRAM 000011
USER_USB_CALLBACK_EVENT_HANDLER@size     cstackCOMRAM 000013
_ADCON0bits                              (abs)        000FC2
_ADCON1bits                              (abs)        000FC1
_ADCON2bits                              (abs)        000FC0
_ADRESH                                  (abs)        000FC4
_ADRESL                                  (abs)        000FC3
_BDT                                     (abs)        000400
_BaudRateGen                             bssBANK0     000084
_BothEP0OutUOWNsSet                      bssCOMRAM    000049
_CDCDataInHandle                         bssCOMRAM    000036
_CDCDataOutHandle                        bssBANK0     00008E
_CDCInitEP                               text40       0028EE
_CDCTxService                            text17       000E36
_CtrlTrfData                             (abs)        000450
_INTCONbits                              (abs)        000FF2
_IPR2bits                                (abs)        000FA2
_LATAbits                                (abs)        000F89
_LATDbits                                (abs)        000F8C
_OSCCONbits                              (abs)        000FD3
_PIE2bits                                (abs)        000FA0
_PIR2bits                                (abs)        000FA1
_RemoteWakeup                            bssCOMRAM    00004C
_SetupPkt                                (abs)        000430
_TRISA                                   (abs)        000F92
_TRISAbits                               (abs)        000F92
_TRISB                                   (abs)        000F93
_TRISD                                   (abs)        000F95
_UADDR                                   (abs)        000F6E
_UCFG                                    (abs)        000F6F
_UCON                                    (abs)        000F6D
_UCONbits                                (abs)        000F6D
_UEIE                                    (abs)        000F6B
_UEIR                                    (abs)        000F6A
_UEP0                                    (abs)        000F70
_UEP0bits                                (abs)        000F70
_UEP1                                    (abs)        000F71
_UIE                                     (abs)        000F69
_UIEbits                                 (abs)        000F69
_UIR                                     (abs)        000F68
_UIRbits                                 (abs)        000F68
_USB1msTickCount                         bssCOMRAM    00002C
_USBActiveConfiguration                  bssCOMRAM    000053
_USBAlternateInterface                   bssCOMRAM    000050
_USBBusIsSuspended                       bssCOMRAM    00004B
_USBCheckCDCRequest                      text39       00202E
_USBCheckStdRequest                      text32       001CEA
_USBConfigureEndpoint                    text43       00263E
_USBCtrlEPAllowDataStage                 text31       00258A
_USBCtrlEPAllowStatusStage               text46       002244
_USBCtrlEPService                        text27       0024D2
_USBCtrlEPServiceComplete                text30       0016BA
_USBCtrlTrfInHandler                     text47       00213A
_USBCtrlTrfOutHandler                    text44       00287A
_USBCtrlTrfRxService                     text45       001434
_USBCtrlTrfSetupHandler                  text29       0026EE
_USBCtrlTrfTxService                     text48       001E10
_USBDeferINDataStagePackets              bssCOMRAM    000044
_USBDeferOUTDataStagePackets             bssCOMRAM    000043
_USBDeferStatusStagePacket               bssCOMRAM    000047
_USBDeviceAttach                         text11       002B4A
_USBDeviceInit                           text9        0017FC
_USBDeviceState                          bssCOMRAM    00004F
_USBDeviceTasks                          text21       000C0E
_USBEnableEndpoint                       text42       002AFE
_USBIncrement1msInternalTimers           text26       002CAC
_USBStallHandler                         text25       002950
_USBStatusStageEnabledFlag1              bssCOMRAM    000046
_USBStatusStageEnabledFlag2              bssCOMRAM    000045
_USBStatusStageTimeoutCounter            bssCOMRAM    000048
_USBStdFeatureReqHandler                 text37       0008B2
_USBStdGetDscHandler                     text36       0012C0
_USBStdGetStatusHandler                  text35       001F20
_USBStdSetCfgHandler                     text33       002334
_USBSuspend                              text24       002D0E
_USBTicksSinceSuspendEnd                 bssCOMRAM    000042
_USBTransferOnePacket                    text18       001578
_USBWakeFromSuspend                      text23       002B8C
_USB_CD_Ptr                              smallconst   000807
_USB_SD_Ptr                              smallconst   000801
_USER_USB_CALLBACK_EVENT_HANDLER         text38       00277E
_USTAT                                   (abs)        000F6C
_USTATcopy                               bssCOMRAM    000052
__HRAM                                   (abs)        000000
__H__absolute__                          __absolute__ 000000
__Habs1                                  abs1         000000
__Hbank0                                 bank0        000000
__Hbank1                                 bank1        000000
__Hbank2                                 bank2        000000
__Hbank3                                 bank3        000000
__Hbank4                                 bank4        000000
__Hbank5                                 bank5        000000
__Hbank6                                 bank6        000000
__Hbank7                                 bank7        000000
__Hbigbss                                bigbss       000000
__Hbigdata                               bigdata      000000
__Hbigram                                bigram       000000
__Hbigsfr                                bigsfr       000000
__Hbss                                   bss          000000
__HbssBANK0                              bssBANK0     000000
__HbssCOMRAM                             bssCOMRAM    000000
__Hcinit                                 cinit        000000
__Hclrtext                               clrtext      000000
__Hcomram                                comram       000000
__Hconfig                                config       30000E
__Hconst                                 const        000000
__HcstackBANK0                           cstackBANK0  000000
__HcstackCOMRAM                          cstackCOMRAM 000000
__Hdata                                  data         000000
__HdataBANK0                             dataBANK0    000000
__HdataCOMRAM                            dataCOMRAM   000000
__Heeprom_data                           eeprom_data  000000
__Hfarbss                                farbss       000000
__Hfardata                               fardata      000000
__Hheap                                  heap         000000
__Hibigdata                              ibigdata     000000
__Hidata                                 idata        000000
__HidataBANK0                            idataBANK0   000000
__HidataCOMRAM                           idataCOMRAM  000000
__Hidloc                                 idloc        200008
__Hifardata                              ifardata     000000
__Hinit                                  init         000012
__Hintcode                               intcode      00000E
__Hintcode_body                          intcode_body 000000
__Hintcodelo                             intcodelo    00000E
__Hintentry                              intentry     000000
__Hintret                                intret       000000
__Hintsave_regs                          intsave_regs 000000
__Hirdata                                irdata       000000
__Hmediumconst                           mediumconst  000000
__HnvFARRAM                              nvFARRAM     000000
__Hnvbit                                 nvbit        000000
__Hnvrram                                nvrram       000000
__Hparam                                 rparam       000000
__Hpowerup                               powerup      00000E
__Hram                                   ram          000000
__Hramtop                                ramtop       000800
__Hrbit                                  rbit         000000
__Hrbss                                  rbss         000000
__Hrdata                                 rdata        000000
__Hreset_vec                             reset_vec    000004
__Hrparam                                rparam       000000
__Hsfr                                   sfr          000000
__Hsmallconst                            smallconst   0008B2
__Hspace_0                               (abs)        002D86
__Hspace_1                               (abs)        0000C2
__Hspace_2                               (abs)        000000
__Hspace_4                               (abs)        60000E
__Hstack                                 stack        000000
__Hstruct                                struct       000000
__Htemp                                  temp         000057
__Htext                                  text         000000
__Htext0                                 text0        000000
__Htext1                                 text1        000000
__Htext10                                text10       000000
__Htext11                                text11       000000
__Htext12                                text12       000000
__Htext13                                text13       000000
__Htext14                                text14       000000
__Htext15                                text15       000000
__Htext16                                text16       000000
__Htext17                                text17       000000
__Htext18                                text18       000000
__Htext2                                 text2        000000
__Htext20                                text20       000000
__Htext21                                text21       000000
__Htext22                                text22       000000
__Htext23                                text23       000000
__Htext24                                text24       000000
__Htext25                                text25       000000
__Htext26                                text26       000000
__Htext27                                text27       000000
__Htext28                                text28       000000
__Htext29                                text29       000000
__Htext3                                 text3        000000
__Htext30                                text30       000000
__Htext31                                text31       000000
__Htext32                                text32       000000
__Htext33                                text33       000000
__Htext34                                text34       000000
__Htext35                                text35       000000
__Htext36                                text36       000000
__Htext37                                text37       000000
__Htext38                                text38       000000
__Htext39                                text39       000000
__Htext4                                 text4        000000
__Htext40                                text40       000000
__Htext41                                text41       000000
__Htext42                                text42       000000
__Htext43                                text43       000000
__Htext44                                text44       000000
__Htext45                                text45       000000
__Htext46                                text46       000000
__Htext47                                text47       000000
__Htext48                                text48       000000
__Htext5                                 text5        000000
__Htext6                                 text6        000000
__Htext7                                 text7        000000
__Htext8                                 text8        000000
__Htext9                                 text9        000000
__LRAM                                   (abs)        000001
__L__absolute__                          __absolute__ 000000
__Labs1                                  abs1         000000
__Lbank0                                 bank0        000000
__Lbank1                                 bank1        000000
__Lbank2                                 bank2        000000
__Lbank3                                 bank3        000000
__Lbank4                                 bank4        000000
__Lbank5                                 bank5        000000
__Lbank6                                 bank6        000000
__Lbank7                                 bank7        000000
__Lbigbss                                bigbss       000000
__Lbigdata                               bigdata      000000
__Lbigram                                bigram       000000
__Lbigsfr                                bigsfr       000000
__Lbss                                   bss          000000
__LbssBANK0                              bssBANK0     000000
__LbssCOMRAM                             bssCOMRAM    000000
__Lcinit                                 cinit        000000
__Lclrtext                               clrtext      000000
__Lcomram                                comram       000000
__Lconfig                                config       000000
__Lconst                                 const        000000
__LcstackBANK0                           cstackBANK0  000000
__LcstackCOMRAM                          cstackCOMRAM 000000
__Ldata                                  data         000000
__LdataBANK0                             dataBANK0    000000
__LdataCOMRAM                            dataCOMRAM   000000
__Leeprom_data                           eeprom_data  000000
__Lfarbss                                farbss       000000
__Lfardata                               fardata      000000
__Lheap                                  heap         000000
__Libigdata                              ibigdata     000000
__Lidata                                 idata        000000
__LidataBANK0                            idataBANK0   000000
__LidataCOMRAM                           idataCOMRAM  000000
__Lidloc                                 idloc        000000
__Lifardata                              ifardata     000000
__Linit                                  init         00000E
__Lintcode                               intcode      000008
__Lintcode_body                          intcode_body 000000
__Lintcodelo                             intcodelo    00000E
__Lintentry                              intentry     000000
__Lintret                                intret       000000
__Lintsave_regs                          intsave_regs 000000
__Lirdata                                irdata       000000
__Lmediumconst                           mediumconst  000000
__LnvFARRAM                              nvFARRAM     000000
__Lnvbit                                 nvbit        000000
__Lnvrram                                nvrram       000000
__Lparam                                 rparam       000000
__Lpowerup                               powerup      00000E
__Lram                                   ram          000000
__Lramtop                                ramtop       000800
__Lrbit                                  rbit         000000
__Lrbss                                  rbss         000000
__Lrdata                                 rdata        000000
__Lreset_vec                             reset_vec    000000
__Lrparam                                rparam       000000
__Lsfr                                   sfr          000000
__Lsmallconst                            smallconst   000800
__Lspace_0                               (abs)        000000
__Lspace_1                               (abs)        000000
__Lspace_2                               (abs)        000000
__Lspace_4                               (abs)        000000
__Lstack                                 stack        000000
__Lstruct                                struct       000000
__Ltemp                                  temp         000056
__Ltext                                  text         000000
__Ltext0                                 text0        000000
__Ltext1                                 text1        000000
__Ltext10                                text10       000000
__Ltext11                                text11       000000
__Ltext12                                text12       000000
__Ltext13                                text13       000000
__Ltext14                                text14       000000
__Ltext15                                text15       000000
__Ltext16                                text16       000000
__Ltext17                                text17       000000
__Ltext18                                text18       000000
__Ltext2                                 text2        000000
__Ltext20                                text20       000000
__Ltext21                                text21       000000
__Ltext22                                text22       000000
__Ltext23                                text23       000000
__Ltext24                                text24       000000
__Ltext25                                text25       000000
__Ltext26                                text26       000000
__Ltext27                                text27       000000
__Ltext28                                text28       000000
__Ltext29                                text29       000000
__Ltext3                                 text3        000000
__Ltext30                                text30       000000
__Ltext31                                text31       000000
__Ltext32                                text32       000000
__Ltext33                                text33       000000
__Ltext34                                text34       000000
__Ltext35                                text35       000000
__Ltext36                                text36       000000
__Ltext37                                text37       000000
__Ltext38                                text38       000000
__Ltext39                                text39       000000
__Ltext4                                 text4        000000
__Ltext40                                text40       000000
__Ltext41                                text41       000000
__Ltext42                                text42       000000
__Ltext43                                text43       000000
__Ltext44                                text44       000000
__Ltext45                                text45       000000
__Ltext46                                text46       000000
__Ltext47                                text47       000000
__Ltext48                                text48       000000
__Ltext5                                 text5        000000
__Ltext6                                 text6        000000
__Ltext7                                 text7        000000
__Ltext8                                 text8        000000
__Ltext9                                 text9        000000
__S0                                     (abs)        002D86
__S1                                     (abs)        0000C2
__S4                                     (abs)        000000
__S5                                     (abs)        000000
___heap_hi                               (abs)        000000
___heap_lo                               (abs)        000000
___inthi_sp                              stack        000000
___intlo_sp                              stack        000000
___param_bank                            (abs)        000000
___rparam_used                           (abs)        000001
___sp                                    stack        000000
__accesstop                              (abs)        000060
__activetblptr                           (abs)        000002
__end_of_CDCInitEP                       text40       002950
__end_of_CDCTxService                    text17       000FD2
__end_of_USBCheckCDCRequest              text39       00213A
__end_of_USBCheckStdRequest              text32       001E10
__end_of_USBConfigureEndpoint            text43       0026EE
__end_of_USBCtrlEPAllowDataStage         text31       00263E
__end_of_USBCtrlEPAllowStatusStage       text46       002334
__end_of_USBCtrlEPService                text27       00258A
__end_of_USBCtrlEPServiceComplete        text30       0017FC
__end_of_USBCtrlTrfInHandler             text47       002244
__end_of_USBCtrlTrfOutHandler            text44       0028EE
__end_of_USBCtrlTrfRxService             text45       001578
__end_of_USBCtrlTrfSetupHandler          text29       00277E
__end_of_USBCtrlTrfTxService             text48       001F20
__end_of_USBDeviceAttach                 text11       002B8C
__end_of_USBDeviceInit                   text9        00193A
__end_of_USBDeviceTasks                  text21       000E36
__end_of_USBEnableEndpoint               text42       002B4A
__end_of_USBIncrement1msInternalTimers   text26       002CDE
__end_of_USBStallHandler                 text25       0029B0
__end_of_USBStdFeatureReqHandler         text37       000C0E
__end_of_USBStdGetDscHandler             text36       001434
__end_of_USBStdGetStatusHandler          text35       00202E
__end_of_USBStdSetCfgHandler             text33       00241A
__end_of_USBSuspend                      text24       002D3A
__end_of_USBTransferOnePacket            text18       0016BA
__end_of_USBWakeFromSuspend              text23       002BCA
__end_of_USB_CD_Ptr                      smallconst   000809
__end_of_USB_SD_Ptr                      smallconst   000807
__end_of_USER_USB_CALLBACK_EVENT_HANDLER text38       002806
__end_of__initialization                 cinit        002A52
__end_of_configDescriptor1               smallconst   00084C
__end_of_deenergize                      text16       002D82
__end_of_device_dsc                      smallconst   00089E
__end_of_energize                        text15       002D7E
__end_of_getsUSBUSART                    text14       0024D2
__end_of_holdSample                      text13       002D7A
__end_of_initACTR                        text12       002CAC
__end_of_initUSBLib                      text8        002D72
__end_of_isUSBReady                      text7        002C74
__end_of_main                            text0        001CEA
__end_of_mainISR                         intcode_body 002A0A
__end_of_makeADConversion                text6        002C3C
__end_of_memcpy                          text28       002AB0
__end_of_memset                          text10       00114A
__end_of_processUSBTasks                 text20       002D0E
__end_of_putUSBUSART                     text5        002D64
__end_of_releaseSample                   text4        002D76
__end_of_sd000                           smallconst   0008B0
__end_of_sd001                           smallconst   0008AC
__end_of_sd002                           smallconst   00088C
__end_of_selectSignal                    text3        002C04
__end_of_selectSource                    text2        002AFE
__end_of_selectWell                      text1        00287A
__end_ofi2_USBDeviceInit                 text22       001A78
__end_ofi2_USBTransferOnePacket          text41       001BB6
__end_ofi2_memset                        text34       0012C0
__initialization                         cinit        002A0A
__mediumconst                            mediumconst  000000
__pbssBANK0                              bssBANK0     000060
__pbssCOMRAM                             bssCOMRAM    00002C
__pcinit                                 cinit        002A0A
__pcstackBANK0                           cstackBANK0  0000A8
__pcstackCOMRAM                          cstackCOMRAM 000001
__pdataBANK0                             dataBANK0    0000C0
__pdataCOMRAM                            dataCOMRAM   000054
__pidataBANK0                            idataBANK0   002D84
__pidataCOMRAM                           idataCOMRAM  002D82
__pintcode                               intcode      000008
__pintcode_body                          intcode_body 0029B0
__psmallconst                            smallconst   000800
__ptext0                                 text0        001BB6
__ptext1                                 text1        002806
__ptext10                                text10       000FD2
__ptext11                                text11       002B4A
__ptext12                                text12       002C74
__ptext13                                text13       002D76
__ptext14                                text14       00241A
__ptext15                                text15       002D7A
__ptext16                                text16       002D7E
__ptext17                                text17       000E36
__ptext18                                text18       001578
__ptext2                                 text2        002AB0
__ptext20                                text20       002CDE
__ptext21                                text21       000C0E
__ptext22                                text22       00193A
__ptext23                                text23       002B8C
__ptext24                                text24       002D0E
__ptext25                                text25       002950
__ptext26                                text26       002CAC
__ptext27                                text27       0024D2
__ptext28                                text28       002A60
__ptext29                                text29       0026EE
__ptext3                                 text3        002BCA
__ptext30                                text30       0016BA
__ptext31                                text31       00258A
__ptext32                                text32       001CEA
__ptext33                                text33       002334
__ptext34                                text34       00114A
__ptext35                                text35       001F20
__ptext36                                text36       0012C0
__ptext37                                text37       0008B2
__ptext38                                text38       00277E
__ptext39                                text39       00202E
__ptext4                                 text4        002D72
__ptext40                                text40       0028EE
__ptext41                                text41       001A78
__ptext42                                text42       002AFE
__ptext43                                text43       00263E
__ptext44                                text44       00287A
__ptext45                                text45       001434
__ptext46                                text46       002244
__ptext47                                text47       00213A
__ptext48                                text48       001E10
__ptext5                                 text5        002D3A
__ptext6                                 text6        002C04
__ptext7                                 text7        002C3C
__ptext8                                 text8        002D64
__ptext9                                 text9        0017FC
__ramtop                                 ramtop       000800
__smallconst                             smallconst   000800
_cdc_data_rx                             (abs)        000540
_cdc_data_tx                             (abs)        000500
_cdc_mem_type                            bssCOMRAM    00003F
_cdc_notice                              bssBANK0     000060
_cdc_rx_len                              bssBANK0     000090
_cdc_trf_state                           bssCOMRAM    000041
_cdc_tx_len                              bssCOMRAM    000040
_configDescriptor1                       smallconst   000809
_controlTransferState                    bssCOMRAM    00004D
_control_signal_bitmap                   bssCOMRAM    00003E
_deenergize                              text16       002D7E
_device_dsc                              smallconst   00088C
_dummy_encapsulated_cmd_response         bssBANK0     000091
_endpoint_number                         bssCOMRAM    00004A
_energize                                text15       002D7A
_ep_data_in                              bssBANK0     00008B
_ep_data_out                             bssBANK0     000088
_getsUSBUSART                            text14       00241A
_holdSample                              text13       002D76
_inPipes                                 bssBANK0     000072
_initACTR                                text12       002C74
_initUSBLib                              text8        002D64
_isUSBReady                              text7        002C3C
_isUSBReady$292                          cstackBANK0  0000A8
_line_coding                             bssBANK0     0000A1
_main                                    text0        001BB6
_mainISR                                 intcode      000008
_makeADConversion                        text6        002C04
_memcpy                                  text28       002A60
_memset                                  text10       000FD2
_outPipes                                bssBANK0     00006A
_pBDTEntryEP0OutCurrent                  bssCOMRAM    00003C
_pBDTEntryEP0OutNext                     bssCOMRAM    00003A
_pBDTEntryIn                             bssBANK0     000078
_pBDTEntryOut                            bssBANK0     00007E
_pCDCDst                                 bssCOMRAM    000030
_pCDCSrc                                 bssCOMRAM    000033
_pDst                                    bssCOMRAM    000038
_processUSBTasks                         text20       002CDE
_putUSBUSART                             text5        002D3A
_releaseSample                           text4        002D72
_response                                dataBANK0    0000C0
_sd000                                   smallconst   0008AC
_sd001                                   smallconst   00089E
_sd002                                   smallconst   00084C
_selectSignal                            text3        002BCA
_selectSource                            text2        002AB0
_selectWell                              text1        002806
_shortPacketStatus                       bssCOMRAM    00004E
_usbReadBuffer                           bssBANK0     000099
btemp                                    temp         000056
end_of_initialization                    cinit        002A52
getsUSBUSART@buffer                      cstackBANK0  0000B3
getsUSBUSART@len                         cstackBANK0  0000B5
i2USBDeviceInit@i                        cstackCOMRAM 00000D
i2USBTransferOnePacket@data              cstackCOMRAM 000002
i2USBTransferOnePacket@dir               cstackCOMRAM 000001
i2USBTransferOnePacket@ep                cstackCOMRAM 000009
i2USBTransferOnePacket@handle            cstackCOMRAM 00000A
i2USBTransferOnePacket@len               cstackCOMRAM 000004
i2_USBDeviceInit                         text22       00193A
i2_USBTransferOnePacket                  text41       001A78
i2_memset                                text34       00114A
i2memset@c                               cstackCOMRAM 000003
i2memset@dest                            cstackCOMRAM 000001
i2memset@k                               cstackCOMRAM 000009
i2memset@n                               cstackCOMRAM 000005
i2memset@s                               cstackCOMRAM 00000B
int$flags                                temp         000056
int_func                                 intcode_body 0029B0
intlevel0                                text         000000
intlevel1                                text         000000
intlevel2                                text         000000
intlevel3                                text         000000
isa$std                                  (abs)        000001
isa$xinst                                (abs)        000000
main@command                             cstackBANK0  0000BE
main@data_sent                           cstackBANK0  0000BF
main@numBytesRead                        cstackBANK0  0000BA
main@ref                                 cstackBANK0  0000B9
main@signal                              cstackBANK0  0000BD
main@source                              cstackBANK0  0000BC
main@well                                cstackBANK0  0000BB
makeADConversion@value                   cstackBANK0  0000A8
memcpy@d                                 cstackCOMRAM 000007
memcpy@d1                                cstackCOMRAM 000001
memcpy@n                                 cstackCOMRAM 000005
memcpy@s                                 cstackCOMRAM 000009
memcpy@s1                                cstackCOMRAM 000003
memcpy@tmp                               cstackCOMRAM 00000B
memset@c                                 cstackBANK0  0000AA
memset@dest                              cstackBANK0  0000A8
memset@k                                 cstackBANK0  0000B0
memset@n                                 cstackBANK0  0000AC
memset@s                                 cstackBANK0  0000B2
putUSBUSART@data                         cstackBANK0  0000A8
putUSBUSART@length                       cstackBANK0  0000AA
selectSignal@signal                      cstackBANK0  0000A9
selectSource@source                      cstackBANK0  0000AA
selectWell@well                          cstackBANK0  0000A9
stackhi                                  (abs)        000000
stacklo                                  (abs)        000000
start                                    init         00000E
start_initialization                     cinit        002A0A
ttemp5                                   temp         000057
ttemp6                                   temp         00005A
ttemp7                                   temp         00005E
wtemp8                                   temp         000057


MODULE INFORMATION

Module		Function		Class		Link	Load	Size
actr.c
		_initACTR      		CODE           	2C74	0000	56
		_energize      		CODE           	2D7A	0000	4
		_makeADConversion		CODE           	2C04	0000	56
		_holdSample    		CODE           	2D76	0000	4
		_deenergize    		CODE           	2D7E	0000	4
		_selectWell    		CODE           	2806	0000	116
		_releaseSample 		CODE           	2D72	0000	4
		_selectSource  		CODE           	2AB0	0000	78
		_selectSignal  		CODE           	2BCA	0000	58

actr.c estimated size: 380

/opt/microchip/xc8/v2.41/pic/sources/c99/common/memcpy.c
		_memcpy        		CODE           	2A60	0000	80

/opt/microchip/xc8/v2.41/pic/sources/c99/common/memcpy.c estimated size: 80

usb_cdc_lib.c
		_isUSBReady    		CODE           	2C3C	0000	56
		_initUSBLib    		CODE           	2D64	0000	14
		_processUSBTasks		CODE           	2CDE	0000	48

usb_cdc_lib.c estimated size: 118

shared
		_configDescriptor1		SMALLCONST     	0809	0000	67
		_USB_CD_Ptr    		SMALLCONST     	0807	0000	2
		_sd001         		SMALLCONST     	089E	0000	14
		_sd002         		SMALLCONST     	084C	0000	64
		i2_USBDeviceInit		CODE           	193A	0000	318
		__initialization		CODE           	2A0A	0000	72
		_device_dsc    		SMALLCONST     	088C	0000	18
		_USB_SD_Ptr    		SMALLCONST     	0801	0000	6
		i2_memset      		CODE           	114A	0000	374
		_sd000         		SMALLCONST     	08AC	0000	4
		i2_USBTransferOnePacket		CODE           	1A78	0000	318

shared estimated size: 1257

usb_device_cdc.c
		_CDCTxService  		CODE           	0E36	0000	412
		_CDCInitEP     		CODE           	28EE	0000	98
		_putUSBUSART   		CODE           	2D3A	0000	42
		_getsUSBUSART  		CODE           	241A	0000	184
		_USBCheckCDCRequest		CODE           	202E	0000	268

usb_device_cdc.c estimated size: 1004

usb_device_events.c
		_USER_USB_CALLBACK_EVENT_HANDLER		CODE           	277E	0000	136

usb_device_events.c estimated size: 136

usb_device.c
		_USBCtrlTrfInHandler		CODE           	213A	0000	266
		_USBTransferOnePacket		CODE           	1578	0000	322
		_USBDeviceAttach		CODE           	2B4A	0000	66
		_USBStdGetDscHandler		CODE           	12C0	0000	372
		_USBCtrlEPAllowDataStage		CODE           	258A	0000	180
		_USBStdFeatureReqHandler		CODE           	08B2	0000	860
		_USBCtrlEPAllowStatusStage		CODE           	2244	0000	240
		_USBCtrlTrfSetupHandler		CODE           	26EE	0000	144
		_USBCtrlTrfOutHandler		CODE           	287A	0000	116
		_USBCtrlEPServiceComplete		CODE           	16BA	0000	322
		_USBSuspend    		CODE           	2D0E	0000	44
		_USBStdSetCfgHandler		CODE           	2334	0000	230
		_USBStdGetStatusHandler		CODE           	1F20	0000	270
		_USBWakeFromSuspend		CODE           	2B8C	0000	62
		_USBCtrlTrfRxService		CODE           	1434	0000	324
		_USBCtrlTrfTxService		CODE           	1E10	0000	272
		_USBEnableEndpoint		CODE           	2AFE	0000	76
		_USBConfigureEndpoint		CODE           	263E	0000	176
		_USBDeviceInit 		CODE           	17FC	0000	318
		_USBIncrement1msInternalTimers		CODE           	2CAC	0000	50
		_USBCtrlEPService		CODE           	24D2	0000	184
		_USBStallHandler		CODE           	2950	0000	96
		_USBDeviceTasks		CODE           	0C0E	0000	552
		_USBCheckStdRequest		CODE           	1CEA	0000	294

usb_device.c estimated size: 5836

/opt/microchip/xc8/v2.41/pic/sources/c99/common/memset.c
		_memset        		CODE           	0FD2	0000	376

/opt/microchip/xc8/v2.41/pic/sources/c99/common/memset.c estimated size: 376

main.c
		_main          		CODE           	1BB6	0000	308
		_mainISR       		CODE           	0008	0000	96

main.c estimated size: 404

